// Jest Snapshot v1, https://goo.gl/fbAQLP

exports[`SortableElements render matches snapshot 1`] = `
<div
  className="sortable-items--wrap"
  onDragOver={[Function]}
>
  <div
    className="sortable-items--item"
    draggable="true"
    onDragEnd={[Function]}
    onDragStart={[Function]}
  >
    Red
  </div>
  <div
    className="sortable-items--item"
    draggable="true"
    onDragEnd={[Function]}
    onDragStart={[Function]}
  >
    Green
  </div>
  <div
    className="sortable-items--item"
    draggable="true"
    onDragEnd={[Function]}
    onDragStart={[Function]}
  >
    Blue
  </div>
  <div
    className="sortable-items--item"
    draggable="true"
    onDragEnd={[Function]}
    onDragStart={[Function]}
  >
    Yellow
  </div>
  <div
    className="sortable-items--item"
    draggable="true"
    onDragEnd={[Function]}
    onDragStart={[Function]}
  >
    Black
  </div>
  <div
    className="sortable-items--item"
    draggable="true"
    onDragEnd={[Function]}
    onDragStart={[Function]}
  >
    White
  </div>
  <div
    className="sortable-items--item"
    draggable="true"
    onDragEnd={[Function]}
    onDragStart={[Function]}
  >
    Orange
  </div>
</div>
`;
